// Jest Snapshot v1, https://goo.gl/fbAQLP

exports[`App renders without breaking  1`] = `
<DocumentFragment>
  <div
    class="MuiBox-root MuiBox-root-1 App"
  >
    <h1
      class="MuiTypography-root MuiTypography-h1 MuiTypography-gutterBottom"
    >
      Trivia Game!
    </h1>
    <div
      class="MuiBox-root MuiBox-root-2 TriviaGame"
    >
      <div
        class="MuiBox-root MuiBox-root-3 Start"
      >
        <button
          class="MuiButtonBase-root MuiButton-root MuiButton-contained MuiButton-containedPrimary MuiButton-fullWidth"
          tabindex="0"
          type="button"
        >
          <span
            class="MuiButton-label"
          >
            Start New Game
          </span>
          <span
            class="MuiTouchRipple-root"
          />
        </button>
      </div>
    </div>
  </div>
</DocumentFragment>
`;
