// Jest Snapshot v1, https://goo.gl/fbAQLP

exports[`QuizCard Matches Snapshot  1`] = `
<DocumentFragment>
  <div
    class="MuiBox-root MuiBox-root-1 QuizCard"
    data-testid="QuizTest"
  >
    <h5
      class="MuiTypography-root MuiTypography-h5"
    >
      testing
    </h5>
    <ul
      class="MuiList-root QuizCardList MuiList-padding"
    >
      <li
        class="MuiListItem-root Answer MuiListItem-gutters MuiListItem-divider"
      >
        <span
          class="AnswerText"
        >
          true
        </span>
      </li>
      <li
        class="MuiListItem-root Answer MuiListItem-gutters MuiListItem-divider"
      >
        <span
          class="AnswerText"
        >
          false
        </span>
      </li>
      <li
        class="MuiListItem-root Answer MuiListItem-gutters MuiListItem-divider"
      >
        <span
          class="AnswerText"
        >
          falsey
        </span>
      </li>
      <li
        class="MuiListItem-root Answer MuiListItem-gutters MuiListItem-divider"
      >
        <span
          class="AnswerText"
        >
          false-ish
        </span>
      </li>
    </ul>
  </div>
</DocumentFragment>
`;
